running develop
running egg_info
creating robot_maze_planners.egg-info
writing robot_maze_planners.egg-info/PKG-INFO
writing dependency_links to robot_maze_planners.egg-info/dependency_links.txt
writing entry points to robot_maze_planners.egg-info/entry_points.txt
writing requirements to robot_maze_planners.egg-info/requires.txt
writing top-level names to robot_maze_planners.egg-info/top_level.txt
writing manifest file 'robot_maze_planners.egg-info/SOURCES.txt'
reading manifest file 'robot_maze_planners.egg-info/SOURCES.txt'
writing manifest file 'robot_maze_planners.egg-info/SOURCES.txt'
running build_ext
Creating /home/rey/Desktop/Maze Solver/robot_maze_ws/install/robot_maze_planners/lib/python3.12/site-packages/robot-maze-planners.egg-link (link to .)
Installing planner_astar_node script to /home/rey/Desktop/Maze Solver/robot_maze_ws/install/robot_maze_planners/lib/robot_maze_planners
Installing planner_rrt_node script to /home/rey/Desktop/Maze Solver/robot_maze_ws/install/robot_maze_planners/lib/robot_maze_planners
Installing planner_rrtstar_node script to /home/rey/Desktop/Maze Solver/robot_maze_ws/install/robot_maze_planners/lib/robot_maze_planners

Installed /home/rey/Desktop/Maze Solver/robot_maze_ws/build/robot_maze_planners
running symlink_data
symbolically linking /home/rey/Desktop/Maze Solver/robot_maze_ws/build/robot_maze_planners/package.xml -> /home/rey/Desktop/Maze Solver/robot_maze_ws/install/robot_maze_planners/share/robot_maze_planners
creating /home/rey/Desktop/Maze Solver/robot_maze_ws/install/robot_maze_planners/share/robot_maze_planners/launch
symbolically linking /home/rey/Desktop/Maze Solver/robot_maze_ws/build/robot_maze_planners/launch/planners_launch.py -> /home/rey/Desktop/Maze Solver/robot_maze_ws/install/robot_maze_planners/share/robot_maze_planners/launch
creating /home/rey/Desktop/Maze Solver/robot_maze_ws/install/robot_maze_planners/share/robot_maze_planners/resource
symbolically linking /home/rey/Desktop/Maze Solver/robot_maze_ws/build/robot_maze_planners/resource/robot_maze_planners -> /home/rey/Desktop/Maze Solver/robot_maze_ws/install/robot_maze_planners/share/robot_maze_planners/resource
