[2.010s] Invoking command in '/home/rey/Desktop/Maze Solver/robot_maze_ws/build/robot_maze_planners': DEBUGINFOD_URLS=https://debuginfod.ubuntu.com PYTHONPATH=/home/rey/Desktop/Maze Solver/robot_maze_ws/build/robot_maze_planners/prefix_override:/usr/lib/python3/dist-packages/colcon_core/task/python/colcon_distutils_commands:/home/rey/Desktop/Maze Solver/robot_maze_ws/install/robot_maze_planners/lib/python3.12/site-packages:${PYTHONPATH} /usr/bin/python3 -W ignore:setup.py install is deprecated -W ignore:easy_install command is deprecated setup.py develop --editable --build-directory /home/rey/Desktop/Maze Solver/robot_maze_ws/build/robot_maze_planners/build --no-deps symlink_data
[2.419s] running develop
[2.717s] running egg_info
[2.717s] creating robot_maze_planners.egg-info
[2.731s] writing robot_maze_planners.egg-info/PKG-INFO
[2.732s] writing dependency_links to robot_maze_planners.egg-info/dependency_links.txt
[2.732s] writing entry points to robot_maze_planners.egg-info/entry_points.txt
[2.732s] writing requirements to robot_maze_planners.egg-info/requires.txt
[2.732s] writing top-level names to robot_maze_planners.egg-info/top_level.txt
[2.732s] writing manifest file 'robot_maze_planners.egg-info/SOURCES.txt'
[2.763s] reading manifest file 'robot_maze_planners.egg-info/SOURCES.txt'
[2.764s] writing manifest file 'robot_maze_planners.egg-info/SOURCES.txt'
[2.778s] running build_ext
[2.781s] Creating /home/rey/Desktop/Maze Solver/robot_maze_ws/install/robot_maze_planners/lib/python3.12/site-packages/robot-maze-planners.egg-link (link to .)
[2.781s] Installing planner_astar_node script to /home/rey/Desktop/Maze Solver/robot_maze_ws/install/robot_maze_planners/lib/robot_maze_planners
[2.781s] Installing planner_rrt_node script to /home/rey/Desktop/Maze Solver/robot_maze_ws/install/robot_maze_planners/lib/robot_maze_planners
[2.781s] Installing planner_rrtstar_node script to /home/rey/Desktop/Maze Solver/robot_maze_ws/install/robot_maze_planners/lib/robot_maze_planners
[2.781s] 
[2.781s] Installed /home/rey/Desktop/Maze Solver/robot_maze_ws/build/robot_maze_planners
[2.781s] running symlink_data
[2.781s] symbolically linking /home/rey/Desktop/Maze Solver/robot_maze_ws/build/robot_maze_planners/package.xml -> /home/rey/Desktop/Maze Solver/robot_maze_ws/install/robot_maze_planners/share/robot_maze_planners
[2.781s] creating /home/rey/Desktop/Maze Solver/robot_maze_ws/install/robot_maze_planners/share/robot_maze_planners/launch
[2.781s] symbolically linking /home/rey/Desktop/Maze Solver/robot_maze_ws/build/robot_maze_planners/launch/planners_launch.py -> /home/rey/Desktop/Maze Solver/robot_maze_ws/install/robot_maze_planners/share/robot_maze_planners/launch
[2.781s] creating /home/rey/Desktop/Maze Solver/robot_maze_ws/install/robot_maze_planners/share/robot_maze_planners/resource
[2.781s] symbolically linking /home/rey/Desktop/Maze Solver/robot_maze_ws/build/robot_maze_planners/resource/robot_maze_planners -> /home/rey/Desktop/Maze Solver/robot_maze_ws/install/robot_maze_planners/share/robot_maze_planners/resource
[2.837s] Invoked command in '/home/rey/Desktop/Maze Solver/robot_maze_ws/build/robot_maze_planners' returned '0': DEBUGINFOD_URLS=https://debuginfod.ubuntu.com PYTHONPATH=/home/rey/Desktop/Maze Solver/robot_maze_ws/build/robot_maze_planners/prefix_override:/usr/lib/python3/dist-packages/colcon_core/task/python/colcon_distutils_commands:/home/rey/Desktop/Maze Solver/robot_maze_ws/install/robot_maze_planners/lib/python3.12/site-packages:${PYTHONPATH} /usr/bin/python3 -W ignore:setup.py install is deprecated -W ignore:easy_install command is deprecated setup.py develop --editable --build-directory /home/rey/Desktop/Maze Solver/robot_maze_ws/build/robot_maze_planners/build --no-deps symlink_data
