[0.021s] Invoking command in '/home/rey/Desktop/Maze Solver/robot_maze_ws/build/robot_maze_description': CMAKE_PREFIX_PATH=${CMAKE_PREFIX_PATH}:/opt/ros/jazzy DEBUGINFOD_URLS=https://debuginfod.ubuntu.com /usr/bin/cmake /home/rey/Desktop/Maze Solver/robot_maze_ws/src/robot_maze_description -DAMENT_CMAKE_SYMLINK_INSTALL=1 -DCMAKE_INSTALL_PREFIX=/home/rey/Desktop/Maze Solver/robot_maze_ws/install/robot_maze_description
[0.372s] -- The C compiler identification is GNU 13.3.0
[0.800s] -- The CXX compiler identification is GNU 13.3.0
[0.896s] -- Detecting C compiler ABI info
[1.119s] -- Detecting C compiler ABI info - done
[1.135s] -- Check for working C compiler: /usr/bin/cc - skipped
[1.136s] -- Detecting C compile features
[1.138s] -- Detecting C compile features - done
[1.165s] -- Detecting CXX compiler ABI info
[1.465s] -- Detecting CXX compiler ABI info - done
[1.490s] -- Check for working CXX compiler: /usr/bin/c++ - skipped
[1.491s] -- Detecting CXX compile features
[1.491s] -- Detecting CXX compile features - done
[1.527s] -- Found ament_cmake: 2.5.4 (/opt/ros/jazzy/share/ament_cmake/cmake)
[1.818s] -- Found Python3: /usr/bin/python3 (found version "3.12.3") found components: Interpreter 
[1.980s] -- Override CMake install command with custom implementation using symlinks instead of copying resources
[2.113s] -- Found ament_lint_auto: 0.17.3 (/opt/ros/jazzy/share/ament_lint_auto/cmake)
[2.392s] -- Added test 'copyright' to check source files copyright and LICENSE
[2.400s] -- Added test 'flake8' to check Python code syntax and style conventions
[2.400s] -- Configured 'flake8' exclude dirs and/or files: 
[2.400s] -- Added test 'lint_cmake' to check CMake code style
[2.402s] -- Added test 'pep257' to check Python code against some of the docstring style conventions in PEP 257
[2.408s] -- Added test 'xmllint' to check XML markup files
[2.416s] -- Configuring done (2.4s)
[2.419s] -- Generating done (0.0s)
[2.422s] -- Build files have been written to: /home/rey/Desktop/Maze Solver/robot_maze_ws/build/robot_maze_description
[2.436s] Invoked command in '/home/rey/Desktop/Maze Solver/robot_maze_ws/build/robot_maze_description' returned '0': CMAKE_PREFIX_PATH=${CMAKE_PREFIX_PATH}:/opt/ros/jazzy DEBUGINFOD_URLS=https://debuginfod.ubuntu.com /usr/bin/cmake /home/rey/Desktop/Maze Solver/robot_maze_ws/src/robot_maze_description -DAMENT_CMAKE_SYMLINK_INSTALL=1 -DCMAKE_INSTALL_PREFIX=/home/rey/Desktop/Maze Solver/robot_maze_ws/install/robot_maze_description
[2.437s] Invoking command in '/home/rey/Desktop/Maze Solver/robot_maze_ws/build/robot_maze_description': CMAKE_PREFIX_PATH=${CMAKE_PREFIX_PATH}:/opt/ros/jazzy DEBUGINFOD_URLS=https://debuginfod.ubuntu.com /usr/bin/cmake --build /home/rey/Desktop/Maze Solver/robot_maze_ws/build/robot_maze_description -- -j2 -l2
[2.539s] Invoked command in '/home/rey/Desktop/Maze Solver/robot_maze_ws/build/robot_maze_description' returned '0': CMAKE_PREFIX_PATH=${CMAKE_PREFIX_PATH}:/opt/ros/jazzy DEBUGINFOD_URLS=https://debuginfod.ubuntu.com /usr/bin/cmake --build /home/rey/Desktop/Maze Solver/robot_maze_ws/build/robot_maze_description -- -j2 -l2
[2.556s] Invoking command in '/home/rey/Desktop/Maze Solver/robot_maze_ws/build/robot_maze_description': CMAKE_PREFIX_PATH=${CMAKE_PREFIX_PATH}:/opt/ros/jazzy DEBUGINFOD_URLS=https://debuginfod.ubuntu.com /usr/bin/cmake --install /home/rey/Desktop/Maze Solver/robot_maze_ws/build/robot_maze_description
[2.566s] -- Install configuration: ""
[2.566s] -- Execute custom install script
[2.567s] -- Symlinking: /home/rey/Desktop/Maze Solver/robot_maze_ws/install/robot_maze_description/share/robot_maze_description/urdf/robot.urdf.xacro
[2.592s] -- Symlinking: /home/rey/Desktop/Maze Solver/robot_maze_ws/install/robot_maze_description/share/robot_maze_description/launch/description_launch.py
[2.611s] -- Symlinking: /home/rey/Desktop/Maze Solver/robot_maze_ws/install/robot_maze_description/share/ament_index/resource_index/package_run_dependencies/robot_maze_description
[2.621s] -- Symlinking: /home/rey/Desktop/Maze Solver/robot_maze_ws/install/robot_maze_description/share/ament_index/resource_index/parent_prefix_path/robot_maze_description
[2.631s] -- Symlinking: /home/rey/Desktop/Maze Solver/robot_maze_ws/install/robot_maze_description/share/robot_maze_description/environment/ament_prefix_path.sh
[2.646s] -- Symlinking: /home/rey/Desktop/Maze Solver/robot_maze_ws/install/robot_maze_description/share/robot_maze_description/environment/ament_prefix_path.dsv
[2.657s] -- Symlinking: /home/rey/Desktop/Maze Solver/robot_maze_ws/install/robot_maze_description/share/robot_maze_description/environment/path.sh
[2.669s] -- Symlinking: /home/rey/Desktop/Maze Solver/robot_maze_ws/install/robot_maze_description/share/robot_maze_description/environment/path.dsv
[2.679s] -- Symlinking: /home/rey/Desktop/Maze Solver/robot_maze_ws/install/robot_maze_description/share/robot_maze_description/local_setup.bash
[2.691s] -- Symlinking: /home/rey/Desktop/Maze Solver/robot_maze_ws/install/robot_maze_description/share/robot_maze_description/local_setup.sh
[2.702s] -- Symlinking: /home/rey/Desktop/Maze Solver/robot_maze_ws/install/robot_maze_description/share/robot_maze_description/local_setup.zsh
[2.713s] -- Symlinking: /home/rey/Desktop/Maze Solver/robot_maze_ws/install/robot_maze_description/share/robot_maze_description/local_setup.dsv
[2.721s] -- Symlinking: /home/rey/Desktop/Maze Solver/robot_maze_ws/install/robot_maze_description/share/robot_maze_description/package.dsv
[2.736s] -- Symlinking: /home/rey/Desktop/Maze Solver/robot_maze_ws/install/robot_maze_description/share/ament_index/resource_index/packages/robot_maze_description
[2.755s] -- Symlinking: /home/rey/Desktop/Maze Solver/robot_maze_ws/install/robot_maze_description/share/robot_maze_description/cmake/robot_maze_descriptionConfig.cmake
[2.779s] -- Symlinking: /home/rey/Desktop/Maze Solver/robot_maze_ws/install/robot_maze_description/share/robot_maze_description/cmake/robot_maze_descriptionConfig-version.cmake
[2.787s] -- Symlinking: /home/rey/Desktop/Maze Solver/robot_maze_ws/install/robot_maze_description/share/robot_maze_description/package.xml
[2.804s] Invoked command in '/home/rey/Desktop/Maze Solver/robot_maze_ws/build/robot_maze_description' returned '0': CMAKE_PREFIX_PATH=${CMAKE_PREFIX_PATH}:/opt/ros/jazzy DEBUGINFOD_URLS=https://debuginfod.ubuntu.com /usr/bin/cmake --install /home/rey/Desktop/Maze Solver/robot_maze_ws/build/robot_maze_description
