[0.017s] Invoking command in '/home/rey/Desktop/Maze Solver/robot_maze_ws/build/robot_maze_simulation': AMENT_PREFIX_PATH=/home/rey/Desktop/Maze Solver/robot_maze_ws/install/robot_maze_description:${AMENT_PREFIX_PATH} CMAKE_PREFIX_PATH=/home/rey/Desktop/Maze Solver/robot_maze_ws/install/robot_maze_description:/opt/ros/jazzy/opt/gz_sim_vendor:/opt/ros/jazzy/opt/gz_sensors_vendor:/opt/ros/jazzy/opt/gz_physics_vendor:/opt/ros/jazzy/opt/sdformat_vendor:/opt/ros/jazzy/opt/gz_gui_vendor:/opt/ros/jazzy/opt/gz_transport_vendor:/opt/ros/jazzy/opt/gz_rendering_vendor:/opt/ros/jazzy/opt/gz_plugin_vendor:/opt/ros/jazzy/opt/gz_fuel_tools_vendor:/opt/ros/jazzy/opt/gz_msgs_vendor:/opt/ros/jazzy/opt/gz_common_vendor:/opt/ros/jazzy/opt/gz_math_vendor:/opt/ros/jazzy/opt/gz_utils_vendor:/opt/ros/jazzy/opt/gz_tools_vendor:/opt/ros/jazzy/opt/gz_ogre_next_vendor:/opt/ros/jazzy/opt/gz_dartsim_vendor:/opt/ros/jazzy/opt/gz_cmake_vendor:/opt/ros/jazzy DEBUGINFOD_URLS=https://debuginfod.ubuntu.com /usr/bin/cmake /home/rey/Desktop/Maze Solver/robot_maze_ws/src/robot_maze_simulation -DAMENT_CMAKE_SYMLINK_INSTALL=1 -DCMAKE_INSTALL_PREFIX=/home/rey/Desktop/Maze Solver/robot_maze_ws/install/robot_maze_simulation
[0.122s] -- The C compiler identification is GNU 13.3.0
[0.312s] -- The CXX compiler identification is GNU 13.3.0
[0.386s] -- Detecting C compiler ABI info
[0.723s] -- Detecting C compiler ABI info - done
[0.750s] -- Check for working C compiler: /usr/bin/cc - skipped
[0.751s] -- Detecting C compile features
[0.752s] -- Detecting C compile features - done
[0.782s] -- Detecting CXX compiler ABI info
[1.052s] -- Detecting CXX compiler ABI info - done
[1.064s] -- Check for working CXX compiler: /usr/bin/c++ - skipped
[1.064s] -- Detecting CXX compile features
[1.064s] -- Detecting CXX compile features - done
[1.103s] -- Found ament_cmake: 2.5.4 (/opt/ros/jazzy/share/ament_cmake/cmake)
[1.341s] -- Found Python3: /usr/bin/python3 (found version "3.12.3") found components: Interpreter 
[1.496s] -- Override CMake install command with custom implementation using symlinks instead of copying resources
[1.603s] -- Found ament_lint_auto: 0.17.3 (/opt/ros/jazzy/share/ament_lint_auto/cmake)
[1.782s] -- Added test 'copyright' to check source files copyright and LICENSE
[1.785s] -- Added test 'flake8' to check Python code syntax and style conventions
[1.785s] -- Configured 'flake8' exclude dirs and/or files: 
[1.786s] -- Added test 'lint_cmake' to check CMake code style
[1.786s] -- Added test 'pep257' to check Python code against some of the docstring style conventions in PEP 257
[1.789s] -- Added test 'xmllint' to check XML markup files
[1.792s] -- Configuring done (1.8s)
[1.794s] -- Generating done (0.0s)
[1.795s] -- Build files have been written to: /home/rey/Desktop/Maze Solver/robot_maze_ws/build/robot_maze_simulation
[1.800s] Invoked command in '/home/rey/Desktop/Maze Solver/robot_maze_ws/build/robot_maze_simulation' returned '0': AMENT_PREFIX_PATH=/home/rey/Desktop/Maze Solver/robot_maze_ws/install/robot_maze_description:${AMENT_PREFIX_PATH} CMAKE_PREFIX_PATH=/home/rey/Desktop/Maze Solver/robot_maze_ws/install/robot_maze_description:/opt/ros/jazzy/opt/gz_sim_vendor:/opt/ros/jazzy/opt/gz_sensors_vendor:/opt/ros/jazzy/opt/gz_physics_vendor:/opt/ros/jazzy/opt/sdformat_vendor:/opt/ros/jazzy/opt/gz_gui_vendor:/opt/ros/jazzy/opt/gz_transport_vendor:/opt/ros/jazzy/opt/gz_rendering_vendor:/opt/ros/jazzy/opt/gz_plugin_vendor:/opt/ros/jazzy/opt/gz_fuel_tools_vendor:/opt/ros/jazzy/opt/gz_msgs_vendor:/opt/ros/jazzy/opt/gz_common_vendor:/opt/ros/jazzy/opt/gz_math_vendor:/opt/ros/jazzy/opt/gz_utils_vendor:/opt/ros/jazzy/opt/gz_tools_vendor:/opt/ros/jazzy/opt/gz_ogre_next_vendor:/opt/ros/jazzy/opt/gz_dartsim_vendor:/opt/ros/jazzy/opt/gz_cmake_vendor:/opt/ros/jazzy DEBUGINFOD_URLS=https://debuginfod.ubuntu.com /usr/bin/cmake /home/rey/Desktop/Maze Solver/robot_maze_ws/src/robot_maze_simulation -DAMENT_CMAKE_SYMLINK_INSTALL=1 -DCMAKE_INSTALL_PREFIX=/home/rey/Desktop/Maze Solver/robot_maze_ws/install/robot_maze_simulation
[1.802s] Invoking command in '/home/rey/Desktop/Maze Solver/robot_maze_ws/build/robot_maze_simulation': AMENT_PREFIX_PATH=/home/rey/Desktop/Maze Solver/robot_maze_ws/install/robot_maze_description:${AMENT_PREFIX_PATH} CMAKE_PREFIX_PATH=/home/rey/Desktop/Maze Solver/robot_maze_ws/install/robot_maze_description:/opt/ros/jazzy/opt/gz_sim_vendor:/opt/ros/jazzy/opt/gz_sensors_vendor:/opt/ros/jazzy/opt/gz_physics_vendor:/opt/ros/jazzy/opt/sdformat_vendor:/opt/ros/jazzy/opt/gz_gui_vendor:/opt/ros/jazzy/opt/gz_transport_vendor:/opt/ros/jazzy/opt/gz_rendering_vendor:/opt/ros/jazzy/opt/gz_plugin_vendor:/opt/ros/jazzy/opt/gz_fuel_tools_vendor:/opt/ros/jazzy/opt/gz_msgs_vendor:/opt/ros/jazzy/opt/gz_common_vendor:/opt/ros/jazzy/opt/gz_math_vendor:/opt/ros/jazzy/opt/gz_utils_vendor:/opt/ros/jazzy/opt/gz_tools_vendor:/opt/ros/jazzy/opt/gz_ogre_next_vendor:/opt/ros/jazzy/opt/gz_dartsim_vendor:/opt/ros/jazzy/opt/gz_cmake_vendor:/opt/ros/jazzy DEBUGINFOD_URLS=https://debuginfod.ubuntu.com /usr/bin/cmake --build /home/rey/Desktop/Maze Solver/robot_maze_ws/build/robot_maze_simulation -- -j2 -l2
[1.851s] Invoked command in '/home/rey/Desktop/Maze Solver/robot_maze_ws/build/robot_maze_simulation' returned '0': AMENT_PREFIX_PATH=/home/rey/Desktop/Maze Solver/robot_maze_ws/install/robot_maze_description:${AMENT_PREFIX_PATH} CMAKE_PREFIX_PATH=/home/rey/Desktop/Maze Solver/robot_maze_ws/install/robot_maze_description:/opt/ros/jazzy/opt/gz_sim_vendor:/opt/ros/jazzy/opt/gz_sensors_vendor:/opt/ros/jazzy/opt/gz_physics_vendor:/opt/ros/jazzy/opt/sdformat_vendor:/opt/ros/jazzy/opt/gz_gui_vendor:/opt/ros/jazzy/opt/gz_transport_vendor:/opt/ros/jazzy/opt/gz_rendering_vendor:/opt/ros/jazzy/opt/gz_plugin_vendor:/opt/ros/jazzy/opt/gz_fuel_tools_vendor:/opt/ros/jazzy/opt/gz_msgs_vendor:/opt/ros/jazzy/opt/gz_common_vendor:/opt/ros/jazzy/opt/gz_math_vendor:/opt/ros/jazzy/opt/gz_utils_vendor:/opt/ros/jazzy/opt/gz_tools_vendor:/opt/ros/jazzy/opt/gz_ogre_next_vendor:/opt/ros/jazzy/opt/gz_dartsim_vendor:/opt/ros/jazzy/opt/gz_cmake_vendor:/opt/ros/jazzy DEBUGINFOD_URLS=https://debuginfod.ubuntu.com /usr/bin/cmake --build /home/rey/Desktop/Maze Solver/robot_maze_ws/build/robot_maze_simulation -- -j2 -l2
[1.852s] Invoking command in '/home/rey/Desktop/Maze Solver/robot_maze_ws/build/robot_maze_simulation': AMENT_PREFIX_PATH=/home/rey/Desktop/Maze Solver/robot_maze_ws/install/robot_maze_description:${AMENT_PREFIX_PATH} CMAKE_PREFIX_PATH=/home/rey/Desktop/Maze Solver/robot_maze_ws/install/robot_maze_description:/opt/ros/jazzy/opt/gz_sim_vendor:/opt/ros/jazzy/opt/gz_sensors_vendor:/opt/ros/jazzy/opt/gz_physics_vendor:/opt/ros/jazzy/opt/sdformat_vendor:/opt/ros/jazzy/opt/gz_gui_vendor:/opt/ros/jazzy/opt/gz_transport_vendor:/opt/ros/jazzy/opt/gz_rendering_vendor:/opt/ros/jazzy/opt/gz_plugin_vendor:/opt/ros/jazzy/opt/gz_fuel_tools_vendor:/opt/ros/jazzy/opt/gz_msgs_vendor:/opt/ros/jazzy/opt/gz_common_vendor:/opt/ros/jazzy/opt/gz_math_vendor:/opt/ros/jazzy/opt/gz_utils_vendor:/opt/ros/jazzy/opt/gz_tools_vendor:/opt/ros/jazzy/opt/gz_ogre_next_vendor:/opt/ros/jazzy/opt/gz_dartsim_vendor:/opt/ros/jazzy/opt/gz_cmake_vendor:/opt/ros/jazzy DEBUGINFOD_URLS=https://debuginfod.ubuntu.com /usr/bin/cmake --install /home/rey/Desktop/Maze Solver/robot_maze_ws/build/robot_maze_simulation
[1.865s] -- Install configuration: ""
[1.865s] -- Execute custom install script
[1.865s] -- Symlinking: /home/rey/Desktop/Maze Solver/robot_maze_ws/install/robot_maze_simulation/share/robot_maze_simulation/launch/bringup_launch.py
[1.885s] -- Symlinking: /home/rey/Desktop/Maze Solver/robot_maze_ws/install/robot_maze_simulation/share/robot_maze_simulation/launch/sim_launch.py
[1.897s] -- Symlinking: /home/rey/Desktop/Maze Solver/robot_maze_ws/install/robot_maze_simulation/share/robot_maze_simulation/worlds/maze_world.sdf
[1.908s] -- Symlinking: /home/rey/Desktop/Maze Solver/robot_maze_ws/install/robot_maze_simulation/share/robot_maze_simulation/config/gazebo_params.yaml
[1.917s] -- Symlinking: /home/rey/Desktop/Maze Solver/robot_maze_ws/install/robot_maze_simulation/share/ament_index/resource_index/package_run_dependencies/robot_maze_simulation
[1.927s] -- Symlinking: /home/rey/Desktop/Maze Solver/robot_maze_ws/install/robot_maze_simulation/share/ament_index/resource_index/parent_prefix_path/robot_maze_simulation
[1.936s] -- Symlinking: /home/rey/Desktop/Maze Solver/robot_maze_ws/install/robot_maze_simulation/share/robot_maze_simulation/environment/ament_prefix_path.sh
[1.946s] -- Symlinking: /home/rey/Desktop/Maze Solver/robot_maze_ws/install/robot_maze_simulation/share/robot_maze_simulation/environment/ament_prefix_path.dsv
[1.966s] -- Symlinking: /home/rey/Desktop/Maze Solver/robot_maze_ws/install/robot_maze_simulation/share/robot_maze_simulation/environment/path.sh
[1.978s] -- Symlinking: /home/rey/Desktop/Maze Solver/robot_maze_ws/install/robot_maze_simulation/share/robot_maze_simulation/environment/path.dsv
[1.986s] -- Symlinking: /home/rey/Desktop/Maze Solver/robot_maze_ws/install/robot_maze_simulation/share/robot_maze_simulation/local_setup.bash
[1.995s] -- Symlinking: /home/rey/Desktop/Maze Solver/robot_maze_ws/install/robot_maze_simulation/share/robot_maze_simulation/local_setup.sh
[2.004s] -- Symlinking: /home/rey/Desktop/Maze Solver/robot_maze_ws/install/robot_maze_simulation/share/robot_maze_simulation/local_setup.zsh
[2.015s] -- Symlinking: /home/rey/Desktop/Maze Solver/robot_maze_ws/install/robot_maze_simulation/share/robot_maze_simulation/local_setup.dsv
[2.033s] -- Symlinking: /home/rey/Desktop/Maze Solver/robot_maze_ws/install/robot_maze_simulation/share/robot_maze_simulation/package.dsv
[2.042s] -- Symlinking: /home/rey/Desktop/Maze Solver/robot_maze_ws/install/robot_maze_simulation/share/ament_index/resource_index/packages/robot_maze_simulation
[2.058s] -- Symlinking: /home/rey/Desktop/Maze Solver/robot_maze_ws/install/robot_maze_simulation/share/robot_maze_simulation/cmake/robot_maze_simulationConfig.cmake
[2.063s] -- Symlinking: /home/rey/Desktop/Maze Solver/robot_maze_ws/install/robot_maze_simulation/share/robot_maze_simulation/cmake/robot_maze_simulationConfig-version.cmake
[2.094s] -- Symlinking: /home/rey/Desktop/Maze Solver/robot_maze_ws/install/robot_maze_simulation/share/robot_maze_simulation/package.xml
[2.110s] Invoked command in '/home/rey/Desktop/Maze Solver/robot_maze_ws/build/robot_maze_simulation' returned '0': AMENT_PREFIX_PATH=/home/rey/Desktop/Maze Solver/robot_maze_ws/install/robot_maze_description:${AMENT_PREFIX_PATH} CMAKE_PREFIX_PATH=/home/rey/Desktop/Maze Solver/robot_maze_ws/install/robot_maze_description:/opt/ros/jazzy/opt/gz_sim_vendor:/opt/ros/jazzy/opt/gz_sensors_vendor:/opt/ros/jazzy/opt/gz_physics_vendor:/opt/ros/jazzy/opt/sdformat_vendor:/opt/ros/jazzy/opt/gz_gui_vendor:/opt/ros/jazzy/opt/gz_transport_vendor:/opt/ros/jazzy/opt/gz_rendering_vendor:/opt/ros/jazzy/opt/gz_plugin_vendor:/opt/ros/jazzy/opt/gz_fuel_tools_vendor:/opt/ros/jazzy/opt/gz_msgs_vendor:/opt/ros/jazzy/opt/gz_common_vendor:/opt/ros/jazzy/opt/gz_math_vendor:/opt/ros/jazzy/opt/gz_utils_vendor:/opt/ros/jazzy/opt/gz_tools_vendor:/opt/ros/jazzy/opt/gz_ogre_next_vendor:/opt/ros/jazzy/opt/gz_dartsim_vendor:/opt/ros/jazzy/opt/gz_cmake_vendor:/opt/ros/jazzy DEBUGINFOD_URLS=https://debuginfod.ubuntu.com /usr/bin/cmake --install /home/rey/Desktop/Maze Solver/robot_maze_ws/build/robot_maze_simulation
